------------------------------------------------------------
TimeQuest Timing Analyzer Summary
------------------------------------------------------------

Type  : Slow 1100mV 85C Model Setup 'CLOCK_50'
Slack : -4.781
TNS   : -533.069

Type  : Slow 1100mV 85C Model Hold 'CLOCK_50'
Slack : 0.352
TNS   : 0.000

Type  : Slow 1100mV 85C Model Minimum Pulse Width 'CLOCK_50'
Slack : -0.394
TNS   : -128.949

Type  : Slow 1100mV 0C Model Setup 'CLOCK_50'
Slack : -4.757
TNS   : -524.840

Type  : Slow 1100mV 0C Model Hold 'CLOCK_50'
Slack : 0.324
TNS   : 0.000

Type  : Slow 1100mV 0C Model Minimum Pulse Width 'CLOCK_50'
Slack : -0.394
TNS   : -116.889

Type  : Fast 1100mV 85C Model Setup 'CLOCK_50'
Slack : -2.354
TNS   : -230.336

Type  : Fast 1100mV 85C Model Hold 'CLOCK_50'
Slack : 0.179
TNS   : 0.000

Type  : Fast 1100mV 85C Model Minimum Pulse Width 'CLOCK_50'
Slack : -0.397
TNS   : -84.572

Type  : Fast 1100mV 0C Model Setup 'CLOCK_50'
Slack : -2.051
TNS   : -195.051

Type  : Fast 1100mV 0C Model Hold 'CLOCK_50'
Slack : 0.171
TNS   : 0.000

Type  : Fast 1100mV 0C Model Minimum Pulse Width 'CLOCK_50'
Slack : -0.433
TNS   : -101.427

------------------------------------------------------------
